kajal@LENOVO MINGW64 /e/Git_Folder
$ ls
a.txt  b.txt  c.txt

kajal@LENOVO MINGW64 /e/Git_Folder
$ git init
Initialized empty Git repository in E:/Git_Folder/.git/

kajal@LENOVO MINGW64 /e/Git_Folder (master)
$ git status
On branch master

No commits yet

Untracked files:
  (use "git add <file>..." to include in what will be committed)
        a.txt
        b.txt
        c.txt

nothing added to commit but untracked files present (use "git add" to track)

kajal@LENOVO MINGW64 /e/Git_Folder (master)
$ git add a.txt b.txt c.txt

kajal@LENOVO MINGW64 /e/Git_Folder (master)
$ git status
On branch master

No commits yet

Changes to be committed:
  (use "git rm --cached <file>..." to unstage)
        new file:   a.txt
        new file:   b.txt
        new file:   c.txt


kajal@LENOVO MINGW64 /e/Git_Folder (master)
$ git commit -m 'first time changes'
[master (root-commit) 5816b82] first time changes
 3 files changed, 0 insertions(+), 0 deletions(-)
 create mode 100644 a.txt
 create mode 100644 b.txt
 create mode 100644 c.txt

kajal@LENOVO MINGW64 /e/Git_Folder (master)
$ git status
On branch master
nothing to commit, working tree clean

kajal@LENOVO MINGW64 /e/Git_Folder (master)
$
